Archive member included because of file (symbol)

.\CortexM3\ARM_GCC_484\Debug\Test.a(cyfitter_cfg.o)
                              .\CortexM3\ARM_GCC_484\Debug\Cm3Start.o (cyfitter_cfg)
.\CortexM3\ARM_GCC_484\Debug\Test.a(EN_A_PWM.o)
                              .\CortexM3\ARM_GCC_484\Debug\motordriver.o (EN_A_PWM_WriteCompare)
.\CortexM3\ARM_GCC_484\Debug\Test.a(EN_B_PWM.o)
                              .\CortexM3\ARM_GCC_484\Debug\motordriver.o (EN_B_PWM_WriteCompare)
.\CortexM3\ARM_GCC_484\Debug\Test.a(Motor_A.o)
                              .\CortexM3\ARM_GCC_484\Debug\motordriver.o (Motor_A_Write)
.\CortexM3\ARM_GCC_484\Debug\Test.a(Motor_B.o)
                              .\CortexM3\ARM_GCC_484\Debug\motordriver.o (Motor_B_Write)
.\CortexM3\ARM_GCC_484\Debug\Test.a(CyBootAsmGnu.o)
                              .\CortexM3\ARM_GCC_484\Debug\Test.a(cyfitter_cfg.o) (CyDelayCycles)
.\CortexM3\ARM_GCC_484\Debug\Test.a(CyLib.o)
                              .\CortexM3\ARM_GCC_484\Debug\Cm3Start.o (CyHalt)
.\CortexM3\ARM_GCC_484\Debug\Test.a(cyPm.o)
                              .\CortexM3\ARM_GCC_484\Debug\Test.a(CyLib.o) (CyPmReadStatus)
.\CortexM3\ARM_GCC_484\Debug\Test.a(CyFlash.o)
                              .\CortexM3\ARM_GCC_484\Debug\Test.a(cyPm.o) (CyFlash_SetWaitCycles)
.\CortexM3\ARM_GCC_484\Debug\Test.a(CySpc.o)
                              .\CortexM3\ARM_GCC_484\Debug\Test.a(CyFlash.o) (CySpcStart)
c:/program files (x86)/cypress/psoc creator/3.2/psoc creator/import/gnu/arm/4.8.4/bin/../lib/gcc/arm-none-eabi/4.8.4/../../../../arm-none-eabi/lib/armv7-m\libg_s.a(lib_a-errno.o)
                              .\CortexM3\ARM_GCC_484\Debug\Cm3Start.o (__errno)
c:/program files (x86)/cypress/psoc creator/3.2/psoc creator/import/gnu/arm/4.8.4/bin/../lib/gcc/arm-none-eabi/4.8.4/../../../../arm-none-eabi/lib/armv7-m\libg_s.a(lib_a-exit.o)
                              c:/program files (x86)/cypress/psoc creator/3.2/psoc creator/import/gnu/arm/4.8.4/bin/../lib/gcc/arm-none-eabi/4.8.4/../../../../arm-none-eabi/lib/armv7-m/crt0.o (exit)
c:/program files (x86)/cypress/psoc creator/3.2/psoc creator/import/gnu/arm/4.8.4/bin/../lib/gcc/arm-none-eabi/4.8.4/../../../../arm-none-eabi/lib/armv7-m\libg_s.a(lib_a-impure.o)
                              c:/program files (x86)/cypress/psoc creator/3.2/psoc creator/import/gnu/arm/4.8.4/bin/../lib/gcc/arm-none-eabi/4.8.4/../../../../arm-none-eabi/lib/armv7-m\libg_s.a(lib_a-exit.o) (_global_impure_ptr)
c:/program files (x86)/cypress/psoc creator/3.2/psoc creator/import/gnu/arm/4.8.4/bin/../lib/gcc/arm-none-eabi/4.8.4/../../../../arm-none-eabi/lib/armv7-m\libg_s.a(lib_a-init.o)
                              c:/program files (x86)/cypress/psoc creator/3.2/psoc creator/import/gnu/arm/4.8.4/bin/../lib/gcc/arm-none-eabi/4.8.4/../../../../arm-none-eabi/lib/armv7-m/crt0.o (__libc_init_array)
c:/program files (x86)/cypress/psoc creator/3.2/psoc creator/import/gnu/arm/4.8.4/bin/../lib/gcc/arm-none-eabi/4.8.4/../../../../arm-none-eabi/lib/armv7-m\libg_s.a(lib_a-memcpy-stub.o)
                              .\CortexM3\ARM_GCC_484\Debug\Test.a(cyfitter_cfg.o) (memcpy)
c:/program files (x86)/cypress/psoc creator/3.2/psoc creator/import/gnu/arm/4.8.4/bin/../lib/gcc/arm-none-eabi/4.8.4/../../../../arm-none-eabi/lib/armv7-m\libg_s.a(lib_a-memset.o)
                              c:/program files (x86)/cypress/psoc creator/3.2/psoc creator/import/gnu/arm/4.8.4/bin/../lib/gcc/arm-none-eabi/4.8.4/../../../../arm-none-eabi/lib/armv7-m/crt0.o (memset)

Allocating common symbols
Common symbol       size              file

dieTemperature      0x2               .\CortexM3\ARM_GCC_484\Debug\Test.a(CyFlash.o)

Discarded input sections

 .text          0x00000000        0x0 c:/program files (x86)/cypress/psoc creator/3.2/psoc creator/import/gnu/arm/4.8.4/bin/../lib/gcc/arm-none-eabi/4.8.4/armv7-m/crti.o
 .data          0x00000000        0x0 c:/program files (x86)/cypress/psoc creator/3.2/psoc creator/import/gnu/arm/4.8.4/bin/../lib/gcc/arm-none-eabi/4.8.4/armv7-m/crti.o
 .bss           0x00000000        0x0 c:/program files (x86)/cypress/psoc creator/3.2/psoc creator/import/gnu/arm/4.8.4/bin/../lib/gcc/arm-none-eabi/4.8.4/armv7-m/crti.o
 .data          0x00000000        0x4 c:/program files (x86)/cypress/psoc creator/3.2/psoc creator/import/gnu/arm/4.8.4/bin/../lib/gcc/arm-none-eabi/4.8.4/armv7-m/crtbegin.o
 .text          0x00000000       0x74 c:/program files (x86)/cypress/psoc creator/3.2/psoc creator/import/gnu/arm/4.8.4/bin/../lib/gcc/arm-none-eabi/4.8.4/../../../../arm-none-eabi/lib/armv7-m/crt0.o
 .data          0x00000000        0x0 c:/program files (x86)/cypress/psoc creator/3.2/psoc creator/import/gnu/arm/4.8.4/bin/../lib/gcc/arm-none-eabi/4.8.4/../../../../arm-none-eabi/lib/armv7-m/crt0.o
 .bss           0x00000000        0x0 c:/program files (x86)/cypress/psoc creator/3.2/psoc creator/import/gnu/arm/4.8.4/bin/../lib/gcc/arm-none-eabi/4.8.4/../../../../arm-none-eabi/lib/armv7-m/crt0.o
 .ARM.extab     0x00000000        0x0 c:/program files (x86)/cypress/psoc creator/3.2/psoc creator/import/gnu/arm/4.8.4/bin/../lib/gcc/arm-none-eabi/4.8.4/../../../../arm-none-eabi/lib/armv7-m/crt0.o
 .ARM.exidx     0x00000000        0x8 c:/program files (x86)/cypress/psoc creator/3.2/psoc creator/import/gnu/arm/4.8.4/bin/../lib/gcc/arm-none-eabi/4.8.4/../../../../arm-none-eabi/lib/armv7-m/crt0.o
 .text          0x00000000        0x0 .\CortexM3\ARM_GCC_484\Debug\main.o
 .data          0x00000000        0x0 .\CortexM3\ARM_GCC_484\Debug\main.o
 .bss           0x00000000        0x0 .\CortexM3\ARM_GCC_484\Debug\main.o
 .text          0x00000000        0x0 .\CortexM3\ARM_GCC_484\Debug\motordriver.o
 .data          0x00000000        0x0 .\CortexM3\ARM_GCC_484\Debug\motordriver.o
 .bss           0x00000000        0x0 .\CortexM3\ARM_GCC_484\Debug\motordriver.o
 .text.setDirection
                0x00000000       0x28 .\CortexM3\ARM_GCC_484\Debug\motordriver.o
 .text.stop     0x00000000       0x14 .\CortexM3\ARM_GCC_484\Debug\motordriver.o
 .text          0x00000000        0x0 .\CortexM3\ARM_GCC_484\Debug\cymetadata.o
 .data          0x00000000        0x0 .\CortexM3\ARM_GCC_484\Debug\cymetadata.o
 .bss           0x00000000        0x0 .\CortexM3\ARM_GCC_484\Debug\cymetadata.o
 .text          0x00000000        0x0 .\CortexM3\ARM_GCC_484\Debug\Cm3Start.o
 .data          0x00000000        0x4 .\CortexM3\ARM_GCC_484\Debug\Cm3Start.o
 .bss           0x00000000        0x0 .\CortexM3\ARM_GCC_484\Debug\Cm3Start.o
 .text._exit    0x00000000        0xc .\CortexM3\ARM_GCC_484\Debug\Cm3Start.o
 .text._sbrk    0x00000000       0x30 .\CortexM3\ARM_GCC_484\Debug\Cm3Start.o
 .text          0x00000000        0x0 .\CortexM3\ARM_GCC_484\Debug\Test.a(cyfitter_cfg.o)
 .data          0x00000000        0x0 .\CortexM3\ARM_GCC_484\Debug\Test.a(cyfitter_cfg.o)
 .bss           0x00000000        0x0 .\CortexM3\ARM_GCC_484\Debug\Test.a(cyfitter_cfg.o)
 .text.SetAnalogRoutingPumps
                0x00000000       0x10 .\CortexM3\ARM_GCC_484\Debug\Test.a(cyfitter_cfg.o)
 .text          0x00000000        0x0 .\CortexM3\ARM_GCC_484\Debug\Test.a(EN_A_PWM.o)
 .data          0x00000000        0x0 .\CortexM3\ARM_GCC_484\Debug\Test.a(EN_A_PWM.o)
 .text.EN_A_PWM_Enable
                0x00000000        0x4 .\CortexM3\ARM_GCC_484\Debug\Test.a(EN_A_PWM.o)
 .text.EN_A_PWM_Stop
                0x00000000        0x4 .\CortexM3\ARM_GCC_484\Debug\Test.a(EN_A_PWM.o)
 .text.EN_A_PWM_ReadCounter
                0x00000000       0x14 .\CortexM3\ARM_GCC_484\Debug\Test.a(EN_A_PWM.o)
 .text.EN_A_PWM_ReadCompare
                0x00000000        0xc .\CortexM3\ARM_GCC_484\Debug\Test.a(EN_A_PWM.o)
 .text.EN_A_PWM_ReadPeriod
                0x00000000        0xc .\CortexM3\ARM_GCC_484\Debug\Test.a(EN_A_PWM.o)
 .text          0x00000000        0x0 .\CortexM3\ARM_GCC_484\Debug\Test.a(EN_B_PWM.o)
 .data          0x00000000        0x0 .\CortexM3\ARM_GCC_484\Debug\Test.a(EN_B_PWM.o)
 .text.EN_B_PWM_Enable
                0x00000000        0x4 .\CortexM3\ARM_GCC_484\Debug\Test.a(EN_B_PWM.o)
 .text.EN_B_PWM_Stop
                0x00000000        0x4 .\CortexM3\ARM_GCC_484\Debug\Test.a(EN_B_PWM.o)
 .text.EN_B_PWM_ReadCounter
                0x00000000       0x14 .\CortexM3\ARM_GCC_484\Debug\Test.a(EN_B_PWM.o)
 .text.EN_B_PWM_ReadCompare
                0x00000000        0xc .\CortexM3\ARM_GCC_484\Debug\Test.a(EN_B_PWM.o)
 .text.EN_B_PWM_ReadPeriod
                0x00000000        0xc .\CortexM3\ARM_GCC_484\Debug\Test.a(EN_B_PWM.o)
 .text          0x00000000        0x0 .\CortexM3\ARM_GCC_484\Debug\Test.a(Motor_A.o)
 .data          0x00000000        0x0 .\CortexM3\ARM_GCC_484\Debug\Test.a(Motor_A.o)
 .bss           0x00000000        0x0 .\CortexM3\ARM_GCC_484\Debug\Test.a(Motor_A.o)
 .text.Motor_A_Read
                0x00000000        0xc .\CortexM3\ARM_GCC_484\Debug\Test.a(Motor_A.o)
 .text          0x00000000        0x0 .\CortexM3\ARM_GCC_484\Debug\Test.a(Motor_B.o)
 .data          0x00000000        0x0 .\CortexM3\ARM_GCC_484\Debug\Test.a(Motor_B.o)
 .bss           0x00000000        0x0 .\CortexM3\ARM_GCC_484\Debug\Test.a(Motor_B.o)
 .text.Motor_B_Read
                0x00000000        0xc .\CortexM3\ARM_GCC_484\Debug\Test.a(Motor_B.o)
 .data          0x00000000        0x0 .\CortexM3\ARM_GCC_484\Debug\Test.a(CyBootAsmGnu.o)
 .bss           0x00000000        0x0 .\CortexM3\ARM_GCC_484\Debug\Test.a(CyBootAsmGnu.o)
 .text          0x00000000        0x0 .\CortexM3\ARM_GCC_484\Debug\Test.a(CyLib.o)
 .bss           0x00000000       0x1c .\CortexM3\ARM_GCC_484\Debug\Test.a(CyLib.o)
 .text.CyUSB_PowerOnCheck
                0x00000000       0x48 .\CortexM3\ARM_GCC_484\Debug\Test.a(CyLib.o)
 .text.CyBusClk_Internal_SetDivider
                0x00000000       0x38 .\CortexM3\ARM_GCC_484\Debug\Test.a(CyLib.o)
 .text.CyPLL_OUT_Stop
                0x00000000       0x10 .\CortexM3\ARM_GCC_484\Debug\Test.a(CyLib.o)
 .text.CyIMO_Stop
                0x00000000       0x1c .\CortexM3\ARM_GCC_484\Debug\Test.a(CyLib.o)
 .text.CyIMO_EnableDoubler
                0x00000000       0x10 .\CortexM3\ARM_GCC_484\Debug\Test.a(CyLib.o)
 .text.CyIMO_DisableDoubler
                0x00000000       0x10 .\CortexM3\ARM_GCC_484\Debug\Test.a(CyLib.o)
 .text.CyMasterClk_SetSource
                0x00000000       0x18 .\CortexM3\ARM_GCC_484\Debug\Test.a(CyLib.o)
 .text.CyMasterClk_SetDivider
                0x00000000        0xc .\CortexM3\ARM_GCC_484\Debug\Test.a(CyLib.o)
 .text.CyBusClk_SetDivider
                0x00000000       0x70 .\CortexM3\ARM_GCC_484\Debug\Test.a(CyLib.o)
 .text.CyUsbClk_SetSource
                0x00000000       0x18 .\CortexM3\ARM_GCC_484\Debug\Test.a(CyLib.o)
 .text.CyILO_Start1K
                0x00000000       0x10 .\CortexM3\ARM_GCC_484\Debug\Test.a(CyLib.o)
 .text.CyILO_Stop1K
                0x00000000       0x10 .\CortexM3\ARM_GCC_484\Debug\Test.a(CyLib.o)
 .text.CyILO_Start100K
                0x00000000       0x10 .\CortexM3\ARM_GCC_484\Debug\Test.a(CyLib.o)
 .text.CyILO_Stop100K
                0x00000000       0x10 .\CortexM3\ARM_GCC_484\Debug\Test.a(CyLib.o)
 .text.CyPLL_OUT_Start
                0x00000000       0x80 .\CortexM3\ARM_GCC_484\Debug\Test.a(CyLib.o)
 .text.CyIMO_Start
                0x00000000       0x5c .\CortexM3\ARM_GCC_484\Debug\Test.a(CyLib.o)
 .text.CyILO_Enable33K
                0x00000000       0x10 .\CortexM3\ARM_GCC_484\Debug\Test.a(CyLib.o)
 .text.CyILO_Disable33K
                0x00000000       0x10 .\CortexM3\ARM_GCC_484\Debug\Test.a(CyLib.o)
 .text.CyILO_SetSource
                0x00000000       0x18 .\CortexM3\ARM_GCC_484\Debug\Test.a(CyLib.o)
 .text.CyILO_SetPowerMode
                0x00000000       0x24 .\CortexM3\ARM_GCC_484\Debug\Test.a(CyLib.o)
 .text.CyXTAL_32KHZ_Stop
                0x00000000       0x30 .\CortexM3\ARM_GCC_484\Debug\Test.a(CyLib.o)
 .text.CyXTAL_32KHZ_ReadStatus
                0x00000000       0x10 .\CortexM3\ARM_GCC_484\Debug\Test.a(CyLib.o)
 .text.CyXTAL_Start
                0x00000000       0xb0 .\CortexM3\ARM_GCC_484\Debug\Test.a(CyLib.o)
 .text.CyXTAL_Stop
                0x00000000       0x10 .\CortexM3\ARM_GCC_484\Debug\Test.a(CyLib.o)
 .text.CyXTAL_EnableErrStatus
                0x00000000       0x10 .\CortexM3\ARM_GCC_484\Debug\Test.a(CyLib.o)
 .text.CyXTAL_DisableErrStatus
                0x00000000       0x10 .\CortexM3\ARM_GCC_484\Debug\Test.a(CyLib.o)
 .text.CyXTAL_ReadStatus
                0x00000000       0x18 .\CortexM3\ARM_GCC_484\Debug\Test.a(CyLib.o)
 .text.CyXTAL_EnableFaultRecovery
                0x00000000       0x10 .\CortexM3\ARM_GCC_484\Debug\Test.a(CyLib.o)
 .text.CyXTAL_DisableFaultRecovery
                0x00000000       0x10 .\CortexM3\ARM_GCC_484\Debug\Test.a(CyLib.o)
 .text.CyXTAL_SetStartup
                0x00000000       0x18 .\CortexM3\ARM_GCC_484\Debug\Test.a(CyLib.o)
 .text.CyXTAL_SetFbVoltage
                0x00000000       0x18 .\CortexM3\ARM_GCC_484\Debug\Test.a(CyLib.o)
 .text.CyXTAL_SetWdVoltage
                0x00000000       0x18 .\CortexM3\ARM_GCC_484\Debug\Test.a(CyLib.o)
 .text.CyHalt   0x00000000        0x4 .\CortexM3\ARM_GCC_484\Debug\Test.a(CyLib.o)
 .text.CyPLL_OUT_SetPQ
                0x00000000       0x5c .\CortexM3\ARM_GCC_484\Debug\Test.a(CyLib.o)
 .text.CyPLL_OUT_SetSource
                0x00000000       0x34 .\CortexM3\ARM_GCC_484\Debug\Test.a(CyLib.o)
 .text.CyIMO_SetTrimValue
                0x00000000       0xcc .\CortexM3\ARM_GCC_484\Debug\Test.a(CyLib.o)
 .text.CyIMO_SetFreq
                0x00000000       0xf4 .\CortexM3\ARM_GCC_484\Debug\Test.a(CyLib.o)
 .text.CyIMO_SetSource
                0x00000000       0x58 .\CortexM3\ARM_GCC_484\Debug\Test.a(CyLib.o)
 .text.CySoftwareReset
                0x00000000       0x10 .\CortexM3\ARM_GCC_484\Debug\Test.a(CyLib.o)
 .text.CyDelayUs
                0x00000000       0x14 .\CortexM3\ARM_GCC_484\Debug\Test.a(CyLib.o)
 .text.CyXTAL_32KHZ_SetPowerMode
                0x00000000       0x84 .\CortexM3\ARM_GCC_484\Debug\Test.a(CyLib.o)
 .text.CyXTAL_32KHZ_Start
                0x00000000       0x70 .\CortexM3\ARM_GCC_484\Debug\Test.a(CyLib.o)
 .text.CyDelayFreq
                0x00000000       0x50 .\CortexM3\ARM_GCC_484\Debug\Test.a(CyLib.o)
 .text.CyWdtStart
                0x00000000       0x40 .\CortexM3\ARM_GCC_484\Debug\Test.a(CyLib.o)
 .text.CyWdtClear
                0x00000000        0xc .\CortexM3\ARM_GCC_484\Debug\Test.a(CyLib.o)
 .text.CyVdStickyStatus
                0x00000000       0x2c .\CortexM3\ARM_GCC_484\Debug\Test.a(CyLib.o)
 .text.CyVdLvDigitEnable
                0x00000000       0x88 .\CortexM3\ARM_GCC_484\Debug\Test.a(CyLib.o)
 .text.CyVdLvAnalogEnable
                0x00000000       0x84 .\CortexM3\ARM_GCC_484\Debug\Test.a(CyLib.o)
 .text.CyVdLvDigitDisable
                0x00000000       0x30 .\CortexM3\ARM_GCC_484\Debug\Test.a(CyLib.o)
 .text.CyVdLvAnalogDisable
                0x00000000       0x2c .\CortexM3\ARM_GCC_484\Debug\Test.a(CyLib.o)
 .text.CyVdHvAnalogEnable
                0x00000000       0x54 .\CortexM3\ARM_GCC_484\Debug\Test.a(CyLib.o)
 .text.CyVdHvAnalogDisable
                0x00000000       0x20 .\CortexM3\ARM_GCC_484\Debug\Test.a(CyLib.o)
 .text.CyVdRealTimeStatus
                0x00000000       0x1c .\CortexM3\ARM_GCC_484\Debug\Test.a(CyLib.o)
 .text.CyDisableInts
                0x00000000       0x1c .\CortexM3\ARM_GCC_484\Debug\Test.a(CyLib.o)
 .text.CyEnableInts
                0x00000000       0x18 .\CortexM3\ARM_GCC_484\Debug\Test.a(CyLib.o)
 .text.CyFlushCache
                0x00000000       0x44 .\CortexM3\ARM_GCC_484\Debug\Test.a(CyLib.o)
 .text.CyIntSetSysVector
                0x00000000       0x28 .\CortexM3\ARM_GCC_484\Debug\Test.a(CyLib.o)
 .text.CyIntGetSysVector
                0x00000000       0x20 .\CortexM3\ARM_GCC_484\Debug\Test.a(CyLib.o)
 .text.CyIntSetVector
                0x00000000       0x28 .\CortexM3\ARM_GCC_484\Debug\Test.a(CyLib.o)
 .text.CyIntGetVector
                0x00000000       0x24 .\CortexM3\ARM_GCC_484\Debug\Test.a(CyLib.o)
 .text.CyIntSetPriority
                0x00000000       0x30 .\CortexM3\ARM_GCC_484\Debug\Test.a(CyLib.o)
 .text.CyIntGetPriority
                0x00000000       0x20 .\CortexM3\ARM_GCC_484\Debug\Test.a(CyLib.o)
 .text.CyIntGetState
                0x00000000       0x24 .\CortexM3\ARM_GCC_484\Debug\Test.a(CyLib.o)
 .text.CySysTickStop
                0x00000000       0x10 .\CortexM3\ARM_GCC_484\Debug\Test.a(CyLib.o)
 .text.CySysTickEnableInterrupt
                0x00000000       0x10 .\CortexM3\ARM_GCC_484\Debug\Test.a(CyLib.o)
 .text.CySysTickEnable
                0x00000000       0x18 .\CortexM3\ARM_GCC_484\Debug\Test.a(CyLib.o)
 .text.CySysTickDisableInterrupt
                0x00000000       0x10 .\CortexM3\ARM_GCC_484\Debug\Test.a(CyLib.o)
 .text.CySysTickSetReload
                0x00000000       0x10 .\CortexM3\ARM_GCC_484\Debug\Test.a(CyLib.o)
 .text.CySysTickGetReload
                0x00000000       0x10 .\CortexM3\ARM_GCC_484\Debug\Test.a(CyLib.o)
 .text.CySysTickGetValue
                0x00000000       0x10 .\CortexM3\ARM_GCC_484\Debug\Test.a(CyLib.o)
 .text.CySysTickSetClockSource
                0x00000000       0x20 .\CortexM3\ARM_GCC_484\Debug\Test.a(CyLib.o)
 .text.CySysTickGetCountFlag
                0x00000000       0x10 .\CortexM3\ARM_GCC_484\Debug\Test.a(CyLib.o)
 .text.CySysTickServiceCallbacks
                0x00000000       0x28 .\CortexM3\ARM_GCC_484\Debug\Test.a(CyLib.o)
 .text.CySysTickClear
                0x00000000        0xc .\CortexM3\ARM_GCC_484\Debug\Test.a(CyLib.o)
 .text.CySysTickInit
                0x00000000       0x58 .\CortexM3\ARM_GCC_484\Debug\Test.a(CyLib.o)
 .text.CySysTickStart
                0x00000000       0x1c .\CortexM3\ARM_GCC_484\Debug\Test.a(CyLib.o)
 .text.CySysTickSetCallback
                0x00000000       0x10 .\CortexM3\ARM_GCC_484\Debug\Test.a(CyLib.o)
 .text.CySysTickGetCallback
                0x00000000       0x10 .\CortexM3\ARM_GCC_484\Debug\Test.a(CyLib.o)
 .text.CyGetUniqueId
                0x00000000       0x70 .\CortexM3\ARM_GCC_484\Debug\Test.a(CyLib.o)
 .text          0x00000000        0x0 .\CortexM3\ARM_GCC_484\Debug\Test.a(cyPm.o)
 .data          0x00000000        0x0 .\CortexM3\ARM_GCC_484\Debug\Test.a(cyPm.o)
 .bss           0x00000000       0x44 .\CortexM3\ARM_GCC_484\Debug\Test.a(cyPm.o)
 .text.CyPmHibSlpSaveSet
                0x00000000      0x1fc .\CortexM3\ARM_GCC_484\Debug\Test.a(cyPm.o)
 .text.CyPmHibSlpRestore
                0x00000000       0xd4 .\CortexM3\ARM_GCC_484\Debug\Test.a(cyPm.o)
 .text.CyPmHviLviSaveDisable
                0x00000000       0xa0 .\CortexM3\ARM_GCC_484\Debug\Test.a(cyPm.o)
 .text.CyPmHibSaveSet
                0x00000000       0x8c .\CortexM3\ARM_GCC_484\Debug\Test.a(cyPm.o)
 .text.CyPmHviLviRestore
                0x00000000       0x48 .\CortexM3\ARM_GCC_484\Debug\Test.a(cyPm.o)
 .text.CyPmHibRestore
                0x00000000       0x58 .\CortexM3\ARM_GCC_484\Debug\Test.a(cyPm.o)
 .text.CyPmSaveClocks
                0x00000000      0x218 .\CortexM3\ARM_GCC_484\Debug\Test.a(cyPm.o)
 .text.CyPmRestoreClocks
                0x00000000      0x24c .\CortexM3\ARM_GCC_484\Debug\Test.a(cyPm.o)
 .text.CyPmAltAct
                0x00000000       0x6c .\CortexM3\ARM_GCC_484\Debug\Test.a(cyPm.o)
 .text.CyPmSleep
                0x00000000       0xf4 .\CortexM3\ARM_GCC_484\Debug\Test.a(cyPm.o)
 .text.CyPmHibernateEx
                0x00000000       0xf0 .\CortexM3\ARM_GCC_484\Debug\Test.a(cyPm.o)
 .text.CyPmHibernate
                0x00000000        0xc .\CortexM3\ARM_GCC_484\Debug\Test.a(cyPm.o)
 .text.CyPmReadStatus
                0x00000000       0x30 .\CortexM3\ARM_GCC_484\Debug\Test.a(cyPm.o)
 .text.CyPmCtwSetInterval
                0x00000000       0x5c .\CortexM3\ARM_GCC_484\Debug\Test.a(cyPm.o)
 .text.CyPmOppsSet
                0x00000000       0x2c .\CortexM3\ARM_GCC_484\Debug\Test.a(cyPm.o)
 .text.CyPmFtwSetInterval
                0x00000000       0x5c .\CortexM3\ARM_GCC_484\Debug\Test.a(cyPm.o)
 .rodata        0x00000000       0x10 .\CortexM3\ARM_GCC_484\Debug\Test.a(cyPm.o)
 .text          0x00000000        0x0 .\CortexM3\ARM_GCC_484\Debug\Test.a(CyFlash.o)
 .data          0x00000000        0x0 .\CortexM3\ARM_GCC_484\Debug\Test.a(CyFlash.o)
 .bss           0x00000000        0x4 .\CortexM3\ARM_GCC_484\Debug\Test.a(CyFlash.o)
 .text.CyFlashGetSpcAlgorithm
                0x00000000       0x50 .\CortexM3\ARM_GCC_484\Debug\Test.a(CyFlash.o)
 .text.CySetTempInt
                0x00000000       0x68 .\CortexM3\ARM_GCC_484\Debug\Test.a(CyFlash.o)
 .text.CyFlash_Start
                0x00000000       0x50 .\CortexM3\ARM_GCC_484\Debug\Test.a(CyFlash.o)
 .text.CyFlash_Stop
                0x00000000       0x24 .\CortexM3\ARM_GCC_484\Debug\Test.a(CyFlash.o)
 .text.CySetTemp
                0x00000000       0x14 .\CortexM3\ARM_GCC_484\Debug\Test.a(CyFlash.o)
 .text.CySetFlashEEBuffer
                0x00000000       0x28 .\CortexM3\ARM_GCC_484\Debug\Test.a(CyFlash.o)
 .text.CyWriteRowFull
                0x00000000      0x104 .\CortexM3\ARM_GCC_484\Debug\Test.a(CyFlash.o)
 .text.CyWriteRowData
                0x00000000       0x14 .\CortexM3\ARM_GCC_484\Debug\Test.a(CyFlash.o)
 .text.CyFlash_SetWaitCycles
                0x00000000       0x7c .\CortexM3\ARM_GCC_484\Debug\Test.a(CyFlash.o)
 .text.CyEEPROM_Start
                0x00000000       0x50 .\CortexM3\ARM_GCC_484\Debug\Test.a(CyFlash.o)
 .text.CyEEPROM_Stop
                0x00000000       0x24 .\CortexM3\ARM_GCC_484\Debug\Test.a(CyFlash.o)
 .text.CyEEPROM_ReadReserve
                0x00000000       0x1c .\CortexM3\ARM_GCC_484\Debug\Test.a(CyFlash.o)
 .text.CyEEPROM_ReadRelease
                0x00000000       0x10 .\CortexM3\ARM_GCC_484\Debug\Test.a(CyFlash.o)
 COMMON         0x00000000        0x2 .\CortexM3\ARM_GCC_484\Debug\Test.a(CyFlash.o)
 .text          0x00000000        0x0 .\CortexM3\ARM_GCC_484\Debug\Test.a(CySpc.o)
 .data          0x00000000        0x0 .\CortexM3\ARM_GCC_484\Debug\Test.a(CySpc.o)
 .bss           0x00000000        0x8 .\CortexM3\ARM_GCC_484\Debug\Test.a(CySpc.o)
 .text.CySpcStart
                0x00000000       0x24 .\CortexM3\ARM_GCC_484\Debug\Test.a(CySpc.o)
 .text.CySpcStop
                0x00000000       0x24 .\CortexM3\ARM_GCC_484\Debug\Test.a(CySpc.o)
 .text.CySpcReadData
                0x00000000       0x44 .\CortexM3\ARM_GCC_484\Debug\Test.a(CySpc.o)
 .text.CySpcLoadMultiByte
                0x00000000       0x78 .\CortexM3\ARM_GCC_484\Debug\Test.a(CySpc.o)
 .text.CySpcLoadRow
                0x00000000       0x54 .\CortexM3\ARM_GCC_484\Debug\Test.a(CySpc.o)
 .text.CySpcLoadRowFull
                0x00000000       0x80 .\CortexM3\ARM_GCC_484\Debug\Test.a(CySpc.o)
 .text.CySpcWriteRow
                0x00000000       0x4c .\CortexM3\ARM_GCC_484\Debug\Test.a(CySpc.o)
 .text.CySpcEraseSector
                0x00000000       0x3c .\CortexM3\ARM_GCC_484\Debug\Test.a(CySpc.o)
 .text.CySpcGetTemp
                0x00000000       0x3c .\CortexM3\ARM_GCC_484\Debug\Test.a(CySpc.o)
 .text.CySpcLock
                0x00000000       0x4c .\CortexM3\ARM_GCC_484\Debug\Test.a(CySpc.o)
 .text.CySpcUnlock
                0x00000000       0x38 .\CortexM3\ARM_GCC_484\Debug\Test.a(CySpc.o)
 .text.CySpcGetAlgorithm
                0x00000000       0x28 .\CortexM3\ARM_GCC_484\Debug\Test.a(CySpc.o)
 .text          0x00000000        0x0 c:/program files (x86)/cypress/psoc creator/3.2/psoc creator/import/gnu/arm/4.8.4/bin/../lib/gcc/arm-none-eabi/4.8.4/../../../../arm-none-eabi/lib/armv7-m\libg_s.a(lib_a-errno.o)
 .data          0x00000000        0x0 c:/program files (x86)/cypress/psoc creator/3.2/psoc creator/import/gnu/arm/4.8.4/bin/../lib/gcc/arm-none-eabi/4.8.4/../../../../arm-none-eabi/lib/armv7-m\libg_s.a(lib_a-errno.o)
 .bss           0x00000000        0x0 c:/program files (x86)/cypress/psoc creator/3.2/psoc creator/import/gnu/arm/4.8.4/bin/../lib/gcc/arm-none-eabi/4.8.4/../../../../arm-none-eabi/lib/armv7-m\libg_s.a(lib_a-errno.o)
 .text.__errno  0x00000000        0xc c:/program files (x86)/cypress/psoc creator/3.2/psoc creator/import/gnu/arm/4.8.4/bin/../lib/gcc/arm-none-eabi/4.8.4/../../../../arm-none-eabi/lib/armv7-m\libg_s.a(lib_a-errno.o)
 .text          0x00000000        0x0 c:/program files (x86)/cypress/psoc creator/3.2/psoc creator/import/gnu/arm/4.8.4/bin/../lib/gcc/arm-none-eabi/4.8.4/../../../../arm-none-eabi/lib/armv7-m\libg_s.a(lib_a-exit.o)
 .data          0x00000000        0x0 c:/program files (x86)/cypress/psoc creator/3.2/psoc creator/import/gnu/arm/4.8.4/bin/../lib/gcc/arm-none-eabi/4.8.4/../../../../arm-none-eabi/lib/armv7-m\libg_s.a(lib_a-exit.o)
 .bss           0x00000000        0x0 c:/program files (x86)/cypress/psoc creator/3.2/psoc creator/import/gnu/arm/4.8.4/bin/../lib/gcc/arm-none-eabi/4.8.4/../../../../arm-none-eabi/lib/armv7-m\libg_s.a(lib_a-exit.o)
 .text.exit     0x00000000       0x28 c:/program files (x86)/cypress/psoc creator/3.2/psoc creator/import/gnu/arm/4.8.4/bin/../lib/gcc/arm-none-eabi/4.8.4/../../../../arm-none-eabi/lib/armv7-m\libg_s.a(lib_a-exit.o)
 .text          0x00000000        0x0 c:/program files (x86)/cypress/psoc creator/3.2/psoc creator/import/gnu/arm/4.8.4/bin/../lib/gcc/arm-none-eabi/4.8.4/../../../../arm-none-eabi/lib/armv7-m\libg_s.a(lib_a-impure.o)
 .data          0x00000000        0x0 c:/program files (x86)/cypress/psoc creator/3.2/psoc creator/import/gnu/arm/4.8.4/bin/../lib/gcc/arm-none-eabi/4.8.4/../../../../arm-none-eabi/lib/armv7-m\libg_s.a(lib_a-impure.o)
 .bss           0x00000000        0x0 c:/program files (x86)/cypress/psoc creator/3.2/psoc creator/import/gnu/arm/4.8.4/bin/../lib/gcc/arm-none-eabi/4.8.4/../../../../arm-none-eabi/lib/armv7-m\libg_s.a(lib_a-impure.o)
 .data.impure_data
                0x00000000       0x60 c:/program files (x86)/cypress/psoc creator/3.2/psoc creator/import/gnu/arm/4.8.4/bin/../lib/gcc/arm-none-eabi/4.8.4/../../../../arm-none-eabi/lib/armv7-m\libg_s.a(lib_a-impure.o)
 .data._impure_ptr
                0x00000000        0x4 c:/program files (x86)/cypress/psoc creator/3.2/psoc creator/import/gnu/arm/4.8.4/bin/../lib/gcc/arm-none-eabi/4.8.4/../../../../arm-none-eabi/lib/armv7-m\libg_s.a(lib_a-impure.o)
 .rodata.str1.1
                0x00000000        0x2 c:/program files (x86)/cypress/psoc creator/3.2/psoc creator/import/gnu/arm/4.8.4/bin/../lib/gcc/arm-none-eabi/4.8.4/../../../../arm-none-eabi/lib/armv7-m\libg_s.a(lib_a-impure.o)
 .rodata._global_impure_ptr
                0x00000000        0x4 c:/program files (x86)/cypress/psoc creator/3.2/psoc creator/import/gnu/arm/4.8.4/bin/../lib/gcc/arm-none-eabi/4.8.4/../../../../arm-none-eabi/lib/armv7-m\libg_s.a(lib_a-impure.o)
 .text          0x00000000        0x0 c:/program files (x86)/cypress/psoc creator/3.2/psoc creator/import/gnu/arm/4.8.4/bin/../lib/gcc/arm-none-eabi/4.8.4/../../../../arm-none-eabi/lib/armv7-m\libg_s.a(lib_a-init.o)
 .data          0x00000000        0x0 c:/program files (x86)/cypress/psoc creator/3.2/psoc creator/import/gnu/arm/4.8.4/bin/../lib/gcc/arm-none-eabi/4.8.4/../../../../arm-none-eabi/lib/armv7-m\libg_s.a(lib_a-init.o)
 .bss           0x00000000        0x0 c:/program files (x86)/cypress/psoc creator/3.2/psoc creator/import/gnu/arm/4.8.4/bin/../lib/gcc/arm-none-eabi/4.8.4/../../../../arm-none-eabi/lib/armv7-m\libg_s.a(lib_a-init.o)
 .text          0x00000000        0x0 c:/program files (x86)/cypress/psoc creator/3.2/psoc creator/import/gnu/arm/4.8.4/bin/../lib/gcc/arm-none-eabi/4.8.4/../../../../arm-none-eabi/lib/armv7-m\libg_s.a(lib_a-memcpy-stub.o)
 .data          0x00000000        0x0 c:/program files (x86)/cypress/psoc creator/3.2/psoc creator/import/gnu/arm/4.8.4/bin/../lib/gcc/arm-none-eabi/4.8.4/../../../../arm-none-eabi/lib/armv7-m\libg_s.a(lib_a-memcpy-stub.o)
 .bss           0x00000000        0x0 c:/program files (x86)/cypress/psoc creator/3.2/psoc creator/import/gnu/arm/4.8.4/bin/../lib/gcc/arm-none-eabi/4.8.4/../../../../arm-none-eabi/lib/armv7-m\libg_s.a(lib_a-memcpy-stub.o)
 .text          0x00000000        0x0 c:/program files (x86)/cypress/psoc creator/3.2/psoc creator/import/gnu/arm/4.8.4/bin/../lib/gcc/arm-none-eabi/4.8.4/../../../../arm-none-eabi/lib/armv7-m\libg_s.a(lib_a-memset.o)
 .data          0x00000000        0x0 c:/program files (x86)/cypress/psoc creator/3.2/psoc creator/import/gnu/arm/4.8.4/bin/../lib/gcc/arm-none-eabi/4.8.4/../../../../arm-none-eabi/lib/armv7-m\libg_s.a(lib_a-memset.o)
 .bss           0x00000000        0x0 c:/program files (x86)/cypress/psoc creator/3.2/psoc creator/import/gnu/arm/4.8.4/bin/../lib/gcc/arm-none-eabi/4.8.4/../../../../arm-none-eabi/lib/armv7-m\libg_s.a(lib_a-memset.o)
 .text          0x00000000        0x0 c:/program files (x86)/cypress/psoc creator/3.2/psoc creator/import/gnu/arm/4.8.4/bin/../lib/gcc/arm-none-eabi/4.8.4/armv7-m/crtend.o
 .data          0x00000000        0x0 c:/program files (x86)/cypress/psoc creator/3.2/psoc creator/import/gnu/arm/4.8.4/bin/../lib/gcc/arm-none-eabi/4.8.4/armv7-m/crtend.o
 .bss           0x00000000        0x0 c:/program files (x86)/cypress/psoc creator/3.2/psoc creator/import/gnu/arm/4.8.4/bin/../lib/gcc/arm-none-eabi/4.8.4/armv7-m/crtend.o
 .text          0x00000000        0x0 c:/program files (x86)/cypress/psoc creator/3.2/psoc creator/import/gnu/arm/4.8.4/bin/../lib/gcc/arm-none-eabi/4.8.4/armv7-m/crtn.o
 .data          0x00000000        0x0 c:/program files (x86)/cypress/psoc creator/3.2/psoc creator/import/gnu/arm/4.8.4/bin/../lib/gcc/arm-none-eabi/4.8.4/armv7-m/crtn.o
 .bss           0x00000000        0x0 c:/program files (x86)/cypress/psoc creator/3.2/psoc creator/import/gnu/arm/4.8.4/bin/../lib/gcc/arm-none-eabi/4.8.4/armv7-m/crtn.o

Memory Configuration

Name             Origin             Length             Attributes
rom              0x00000000         0x00040000         xr
ram              0x1fff8000         0x00010000         xrw
*default*        0x00000000         0xffffffff

Linker script and memory map

LOAD c:/program files (x86)/cypress/psoc creator/3.2/psoc creator/import/gnu/arm/4.8.4/bin/../lib/gcc/arm-none-eabi/4.8.4/armv7-m/crti.o
LOAD c:/program files (x86)/cypress/psoc creator/3.2/psoc creator/import/gnu/arm/4.8.4/bin/../lib/gcc/arm-none-eabi/4.8.4/armv7-m/crtbegin.o
LOAD c:/program files (x86)/cypress/psoc creator/3.2/psoc creator/import/gnu/arm/4.8.4/bin/../lib/gcc/arm-none-eabi/4.8.4/../../../../arm-none-eabi/lib/armv7-m/crt0.o
START GROUP
LOAD .\CortexM3\ARM_GCC_484\Debug\main.o
LOAD .\CortexM3\ARM_GCC_484\Debug\motordriver.o
LOAD .\CortexM3\ARM_GCC_484\Debug\cymetadata.o
LOAD .\CortexM3\ARM_GCC_484\Debug\Cm3Start.o
LOAD .\CortexM3\ARM_GCC_484\Debug\Test.a
LOAD C:\Program Files (x86)\Cypress\PSoC Creator\3.2\PSoC Creator\psoc\content\cycomponentlibrary\CyComponentLibrary.cylib\CortexM3\ARM_GCC_484\Debug\CyComponentLibrary.a
END GROUP
START GROUP
LOAD c:/program files (x86)/cypress/psoc creator/3.2/psoc creator/import/gnu/arm/4.8.4/bin/../lib/gcc/arm-none-eabi/4.8.4/armv7-m\libgcc.a
LOAD c:/program files (x86)/cypress/psoc creator/3.2/psoc creator/import/gnu/arm/4.8.4/bin/../lib/gcc/arm-none-eabi/4.8.4/../../../../arm-none-eabi/lib/armv7-m\libg_s.a
LOAD c:/program files (x86)/cypress/psoc creator/3.2/psoc creator/import/gnu/arm/4.8.4/bin/../lib/gcc/arm-none-eabi/4.8.4/../../../../arm-none-eabi/lib/armv7-m\libc_s.a
END GROUP
START GROUP
LOAD c:/program files (x86)/cypress/psoc creator/3.2/psoc creator/import/gnu/arm/4.8.4/bin/../lib/gcc/arm-none-eabi/4.8.4/armv7-m\libgcc.a
LOAD c:/program files (x86)/cypress/psoc creator/3.2/psoc creator/import/gnu/arm/4.8.4/bin/../lib/gcc/arm-none-eabi/4.8.4/../../../../arm-none-eabi/lib/armv7-m\libc_s.a
END GROUP
LOAD c:/program files (x86)/cypress/psoc creator/3.2/psoc creator/import/gnu/arm/4.8.4/bin/../lib/gcc/arm-none-eabi/4.8.4/armv7-m/crtend.o
LOAD c:/program files (x86)/cypress/psoc creator/3.2/psoc creator/import/gnu/arm/4.8.4/bin/../lib/gcc/arm-none-eabi/4.8.4/armv7-m/crtn.o
START GROUP
LOAD c:/program files (x86)/cypress/psoc creator/3.2/psoc creator/import/gnu/arm/4.8.4/bin/../lib/gcc/arm-none-eabi/4.8.4/armv7-m\libgcc.a
LOAD c:/program files (x86)/cypress/psoc creator/3.2/psoc creator/import/gnu/arm/4.8.4/bin/../lib/gcc/arm-none-eabi/4.8.4/../../../../arm-none-eabi/lib/armv7-m\libc.a
LOAD c:/program files (x86)/cypress/psoc creator/3.2/psoc creator/import/gnu/arm/4.8.4/bin/../lib/gcc/arm-none-eabi/4.8.4/../../../../arm-none-eabi/lib/armv7-m\libnosys.a
END GROUP
                0x00000000                CY_APPL_ORIGIN = 0x0
                0x00000100                CY_FLASH_ROW_SIZE = 0x100
                0x00000020                CY_ECC_ROW_SIZE = 0x20
                0x00000000                CY_EE_IN_BTLDR = 0x0
                0x00000000                CY_APPL_LOADABLE = 0x0
                0x00000800                CY_EE_SIZE = 0x800
                0x00000001                CY_APPL_NUM = 0x1
                0x00000001                CY_APPL_MAX = 0x1
                0x00000040                CY_METADATA_SIZE = 0x40
                0x1fff8140                PROVIDE (__cy_heap_start, _end)
                0x00000001                PROVIDE (__cy_region_num, ((__cy_regions_end - __cy_regions) / 0x10))
                0x20008000                PROVIDE (__cy_stack, (ORIGIN (ram) + 0x10000))
                0x20007800                PROVIDE (__cy_heap_end, (__cy_stack - 0x800))

.cybootloader   0x00000000        0x0
 *(.cybootloader)
                0x00000000                appl1_start = CY_APPL_ORIGIN?CY_APPL_ORIGIN:ALIGN (CY_FLASH_ROW_SIZE)
                0x0001ff00                appl2_start = (appl1_start + ALIGN ((((0x40000 - appl1_start) - (0x2 * CY_FLASH_ROW_SIZE)) / 0x2), CY_FLASH_ROW_SIZE))
                0x00000000                appl_start = (CY_APPL_NUM == 0x1)?appl1_start:appl2_start
                0x00000000                ecc_offset = ((appl_start / CY_FLASH_ROW_SIZE) * CY_ECC_ROW_SIZE)
                0x00000000                ee_offset = (CY_APPL_LOADABLE && ! (CY_EE_IN_BTLDR))?((CY_EE_SIZE / CY_APPL_MAX) * (CY_APPL_NUM - 0x1)):0x0
                0x00000800                ee_size = (CY_APPL_LOADABLE && ! (CY_EE_IN_BTLDR))?(CY_EE_SIZE / CY_APPL_MAX):CY_EE_SIZE
                0x00000000                PROVIDE (CY_ECC_OFFSET, ecc_offset)

.text           0x00000000      0x6b2
 CREATE_OBJECT_SYMBOLS
                0x00000000                PROVIDE (__cy_interrupt_vector, RomVectors)
 *(.romvectors)
 .romvectors    0x00000000       0x10 .\CortexM3\ARM_GCC_484\Debug\Cm3Start.o
                0x00000000                RomVectors
                0x00000001                ASSERT ((. != __cy_interrupt_vector), No interrupt vector)
                0x00000001                ASSERT (CY_APPL_ORIGIN?(SIZEOF (.cybootloader) <= CY_APPL_ORIGIN):0x1, Wrong image location)
                0x00000010                PROVIDE (__cy_reset, Reset)
 *(.text.Reset)
 .text.Reset    0x00000010       0x18 .\CortexM3\ARM_GCC_484\Debug\Cm3Start.o
                0x00000010                Reset
                0x00000001                ASSERT ((. != __cy_reset), No reset code)
 *(.dma_init)
                0x00000001                ASSERT ((((appl_start + .) <= 0x10000) || 0x1), DMA Init must be within the first 64k of flash)
 *(.text .text.* .gnu.linkonce.t.*)
 .text          0x00000028       0x54 c:/program files (x86)/cypress/psoc creator/3.2/psoc creator/import/gnu/arm/4.8.4/bin/../lib/gcc/arm-none-eabi/4.8.4/armv7-m/crtbegin.o
 .text.init     0x0000007c        0xc .\CortexM3\ARM_GCC_484\Debug\main.o
                0x0000007c                init
 .text.main     0x00000088       0x74 .\CortexM3\ARM_GCC_484\Debug\main.o
                0x00000088                main
 .text.setSpeed
                0x000000fc       0x10 .\CortexM3\ARM_GCC_484\Debug\motordriver.o
                0x000000fc                setSpeed
 .text.rotateMotor
                0x0000010c       0x18 .\CortexM3\ARM_GCC_484\Debug\motordriver.o
                0x0000010c                rotateMotor
 .text.goForward
                0x00000124       0x14 .\CortexM3\ARM_GCC_484\Debug\motordriver.o
                0x00000124                goForward
 .text.goBackward
                0x00000138       0x14 .\CortexM3\ARM_GCC_484\Debug\motordriver.o
                0x00000138                goBackward
 .text.goLeft   0x0000014c       0x14 .\CortexM3\ARM_GCC_484\Debug\motordriver.o
                0x0000014c                goLeft
 .text.goRight  0x00000160       0x14 .\CortexM3\ARM_GCC_484\Debug\motordriver.o
                0x00000160                goRight
 .text.stop_all
                0x00000174       0x10 .\CortexM3\ARM_GCC_484\Debug\motordriver.o
                0x00000174                stop_all
 .text.IntDefaultHandler
                0x00000184        0x4 .\CortexM3\ARM_GCC_484\Debug\Cm3Start.o
                0x00000184                IntDefaultHandler
 .text.Start_c  0x00000188       0x4c .\CortexM3\ARM_GCC_484\Debug\Cm3Start.o
                0x00000188                Start_c
 .text.initialize_psoc
                0x000001d4       0x70 .\CortexM3\ARM_GCC_484\Debug\Cm3Start.o
                0x000001d4                initialize_psoc
 .text.CyClockStartupError
                0x00000244        0x4 .\CortexM3\ARM_GCC_484\Debug\Test.a(cyfitter_cfg.o)
 .text.cfg_write_bytes32
                0x00000248       0x34 .\CortexM3\ARM_GCC_484\Debug\Test.a(cyfitter_cfg.o)
 .text.AnalogSetDefault
                0x0000027c       0x28 .\CortexM3\ARM_GCC_484\Debug\Test.a(cyfitter_cfg.o)
 .text.CYMEMZERO
                0x000002a4        0xc .\CortexM3\ARM_GCC_484\Debug\Test.a(cyfitter_cfg.o)
 .text.ClockSetup
                0x000002b0       0xb8 .\CortexM3\ARM_GCC_484\Debug\Test.a(cyfitter_cfg.o)
 .text.CYCONFIGCPY
                0x00000368        0x8 .\CortexM3\ARM_GCC_484\Debug\Test.a(cyfitter_cfg.o)
 .text.cyfitter_cfg
                0x00000370       0xd8 .\CortexM3\ARM_GCC_484\Debug\Test.a(cyfitter_cfg.o)
                0x00000370                cyfitter_cfg
 .text.EN_A_PWM_WriteCounter
                0x00000448        0xc .\CortexM3\ARM_GCC_484\Debug\Test.a(EN_A_PWM.o)
                0x00000448                EN_A_PWM_WriteCounter
 .text.EN_A_PWM_WritePeriod
                0x00000454        0xc .\CortexM3\ARM_GCC_484\Debug\Test.a(EN_A_PWM.o)
                0x00000454                EN_A_PWM_WritePeriod
 .text.EN_A_PWM_WriteCompare
                0x00000460        0xc .\CortexM3\ARM_GCC_484\Debug\Test.a(EN_A_PWM.o)
                0x00000460                EN_A_PWM_WriteCompare
 .text.EN_A_PWM_SetInterruptMode
                0x0000046c        0xc .\CortexM3\ARM_GCC_484\Debug\Test.a(EN_A_PWM.o)
                0x0000046c                EN_A_PWM_SetInterruptMode
 .text.EN_A_PWM_ReadStatusRegister
                0x00000478        0xc .\CortexM3\ARM_GCC_484\Debug\Test.a(EN_A_PWM.o)
                0x00000478                EN_A_PWM_ReadStatusRegister
 .text.EN_A_PWM_ReadCapture
                0x00000484        0xc .\CortexM3\ARM_GCC_484\Debug\Test.a(EN_A_PWM.o)
                0x00000484                EN_A_PWM_ReadCapture
 .text.EN_A_PWM_ClearFIFO
                0x00000490       0x14 .\CortexM3\ARM_GCC_484\Debug\Test.a(EN_A_PWM.o)
                0x00000490                EN_A_PWM_ClearFIFO
 .text.EN_A_PWM_Init
                0x000004a4       0x54 .\CortexM3\ARM_GCC_484\Debug\Test.a(EN_A_PWM.o)
                0x000004a4                EN_A_PWM_Init
 .text.EN_A_PWM_Start
                0x000004f8       0x18 .\CortexM3\ARM_GCC_484\Debug\Test.a(EN_A_PWM.o)
                0x000004f8                EN_A_PWM_Start
 .text.EN_B_PWM_WriteCounter
                0x00000510        0xc .\CortexM3\ARM_GCC_484\Debug\Test.a(EN_B_PWM.o)
                0x00000510                EN_B_PWM_WriteCounter
 .text.EN_B_PWM_WritePeriod
                0x0000051c        0xc .\CortexM3\ARM_GCC_484\Debug\Test.a(EN_B_PWM.o)
                0x0000051c                EN_B_PWM_WritePeriod
 .text.EN_B_PWM_WriteCompare
                0x00000528        0xc .\CortexM3\ARM_GCC_484\Debug\Test.a(EN_B_PWM.o)
                0x00000528                EN_B_PWM_WriteCompare
 .text.EN_B_PWM_SetInterruptMode
                0x00000534        0xc .\CortexM3\ARM_GCC_484\Debug\Test.a(EN_B_PWM.o)
                0x00000534                EN_B_PWM_SetInterruptMode
 .text.EN_B_PWM_ReadStatusRegister
                0x00000540        0xc .\CortexM3\ARM_GCC_484\Debug\Test.a(EN_B_PWM.o)
                0x00000540                EN_B_PWM_ReadStatusRegister
 .text.EN_B_PWM_ReadCapture
                0x0000054c        0xc .\CortexM3\ARM_GCC_484\Debug\Test.a(EN_B_PWM.o)
                0x0000054c                EN_B_PWM_ReadCapture
 .text.EN_B_PWM_ClearFIFO
                0x00000558       0x14 .\CortexM3\ARM_GCC_484\Debug\Test.a(EN_B_PWM.o)
                0x00000558                EN_B_PWM_ClearFIFO
 .text.EN_B_PWM_Init
                0x0000056c       0x54 .\CortexM3\ARM_GCC_484\Debug\Test.a(EN_B_PWM.o)
                0x0000056c                EN_B_PWM_Init
 .text.EN_B_PWM_Start
                0x000005c0       0x18 .\CortexM3\ARM_GCC_484\Debug\Test.a(EN_B_PWM.o)
                0x000005c0                EN_B_PWM_Start
 .text.Motor_A_Write
                0x000005d8        0xc .\CortexM3\ARM_GCC_484\Debug\Test.a(Motor_A.o)
                0x000005d8                Motor_A_Write
 .text.Motor_B_Write
                0x000005e4        0xc .\CortexM3\ARM_GCC_484\Debug\Test.a(Motor_B.o)
                0x000005e4                Motor_B_Write
 .text          0x000005f0       0x28 .\CortexM3\ARM_GCC_484\Debug\Test.a(CyBootAsmGnu.o)
                0x000005f0                CyDelayCycles
                0x00000604                CyEnterCriticalSection
                0x0000060c                CyExitCriticalSection
 .text.CyDelay  0x00000618       0x2c .\CortexM3\ARM_GCC_484\Debug\Test.a(CyLib.o)
                0x00000618                CyDelay
 .text.__libc_init_array
                0x00000644       0x4c c:/program files (x86)/cypress/psoc creator/3.2/psoc creator/import/gnu/arm/4.8.4/bin/../lib/gcc/arm-none-eabi/4.8.4/../../../../arm-none-eabi/lib/armv7-m\libg_s.a(lib_a-init.o)
                0x00000644                __libc_init_array
 .text.memcpy   0x00000690       0x12 c:/program files (x86)/cypress/psoc creator/3.2/psoc creator/import/gnu/arm/4.8.4/bin/../lib/gcc/arm-none-eabi/4.8.4/../../../../arm-none-eabi/lib/armv7-m\libg_s.a(lib_a-memcpy-stub.o)
                0x00000690                memcpy
 .text.memset   0x000006a2       0x10 c:/program files (x86)/cypress/psoc creator/3.2/psoc creator/import/gnu/arm/4.8.4/bin/../lib/gcc/arm-none-eabi/4.8.4/../../../../arm-none-eabi/lib/armv7-m\libg_s.a(lib_a-memset.o)
                0x000006a2                memset
 *(.plt)
 *(.gnu.warning)
 *(.glue_7t)
 .glue_7t       0x00000000        0x0 linker stubs
 *(.glue_7)
 .glue_7        0x00000000        0x0 linker stubs
 *(.vfp11_veneer)
 .vfp11_veneer  0x00000000        0x0 linker stubs
 *(.bootloader)
 *(.ARM.extab* .gnu.linkonce.armextab.*)
 *(.gcc_except_table)

.v4_bx          0x000006b4        0x0
 .v4_bx         0x00000000        0x0 linker stubs

.iplt           0x000006b4        0x0
 .iplt          0x00000000        0x0 c:/program files (x86)/cypress/psoc creator/3.2/psoc creator/import/gnu/arm/4.8.4/bin/../lib/gcc/arm-none-eabi/4.8.4/armv7-m/crtbegin.o

.eh_frame_hdr
 *(.eh_frame_hdr)

.eh_frame       0x000006b4        0x4
 *(.eh_frame)
 .eh_frame      0x000006b4        0x0 c:/program files (x86)/cypress/psoc creator/3.2/psoc creator/import/gnu/arm/4.8.4/bin/../lib/gcc/arm-none-eabi/4.8.4/armv7-m/crtbegin.o
 .eh_frame      0x000006b4        0x4 c:/program files (x86)/cypress/psoc creator/3.2/psoc creator/import/gnu/arm/4.8.4/bin/../lib/gcc/arm-none-eabi/4.8.4/armv7-m/crtend.o
                0x000006b8                PROVIDE (__exidx_start, .)

.ARM.exidx
 *(.ARM.exidx* .gnu.linkonce.armexidx.*)
                0x000006b8                __exidx_end = .

.rodata         0x000006b8       0x60
 *(.rodata .rodata.* .gnu.linkonce.r.*)
 .rodata        0x000006b8       0x2c .\CortexM3\ARM_GCC_484\Debug\Test.a(cyfitter_cfg.o)
                0x000006e4                . = ALIGN (0x4)
 *(.init)
 .init          0x000006e4        0x4 c:/program files (x86)/cypress/psoc creator/3.2/psoc creator/import/gnu/arm/4.8.4/bin/../lib/gcc/arm-none-eabi/4.8.4/armv7-m/crti.o
                0x000006e4                _init
 .init          0x000006e8        0x8 c:/program files (x86)/cypress/psoc creator/3.2/psoc creator/import/gnu/arm/4.8.4/bin/../lib/gcc/arm-none-eabi/4.8.4/armv7-m/crtn.o
                0x000006f0                . = ALIGN (0x4)
                0x000006f0                __preinit_array_start = .
 *(.preinit_array)
                0x000006f0                __preinit_array_end = .
                0x000006f0                . = ALIGN (0x4)
                0x000006f0                __init_array_start = .
 *(SORT(.init_array.*))
 *(.init_array)
 .init_array    0x000006f0        0x4 c:/program files (x86)/cypress/psoc creator/3.2/psoc creator/import/gnu/arm/4.8.4/bin/../lib/gcc/arm-none-eabi/4.8.4/armv7-m/crtbegin.o
 .init_array    0x000006f4        0x4 .\CortexM3\ARM_GCC_484\Debug\Cm3Start.o
                0x000006f8                __init_array_end = .
                0x000006f8                . = ALIGN (0x4)
 *(.fini)
 .fini          0x000006f8        0x4 c:/program files (x86)/cypress/psoc creator/3.2/psoc creator/import/gnu/arm/4.8.4/bin/../lib/gcc/arm-none-eabi/4.8.4/armv7-m/crti.o
                0x000006f8                _fini
 .fini          0x000006fc        0x8 c:/program files (x86)/cypress/psoc creator/3.2/psoc creator/import/gnu/arm/4.8.4/bin/../lib/gcc/arm-none-eabi/4.8.4/armv7-m/crtn.o
                0x00000704                . = ALIGN (0x4)
                0x00000704                __fini_array_start = .
 *(.fini_array)
 .fini_array    0x00000704        0x4 c:/program files (x86)/cypress/psoc creator/3.2/psoc creator/import/gnu/arm/4.8.4/bin/../lib/gcc/arm-none-eabi/4.8.4/armv7-m/crtbegin.o
 *(SORT(.fini_array.*))
                0x00000708                __fini_array_end = .
                0x00000708                . = ALIGN (0x4)
 *crtbegin.o(.ctors)
 *(EXCLUDE_FILE(*crtend.o) .ctors)
 *(SORT(.ctors.*))
 *crtend.o(.ctors)
                0x00000708                . = ALIGN (0x4)
 *crtbegin.o(.dtors)
 *(EXCLUDE_FILE(*crtend.o) .dtors)
 *(SORT(.dtors.*))
 *crtend.o(.dtors)
                0x00000708                . = ALIGN (0x4)
                0x00000708                __cy_regions = .
                0x00000708        0x4 LONG 0x718 __cy_region_init_ram
                0x0000070c        0x4 LONG 0x1fff8108 __cy_region_start_data
                0x00000710        0x4 LONG 0x18 __cy_region_init_size_ram
                0x00000714        0x4 LONG 0x20 __cy_region_zero_size_ram
                0x00000718                __cy_regions_end = .
                0x00000718                . = ALIGN (0x8)
                0x00000718                _etext = .

.ramvectors     0x1fff8000      0x100
                0x1fff8000                __cy_region_start_ram = .
 *(.ramvectors)
 .ramvectors    0x1fff8000      0x100 .\CortexM3\ARM_GCC_484\Debug\Cm3Start.o
                0x1fff8000                CyRamVectors

.noinit         0x1fff8100        0x5
 *(.noinit)
 .noinit        0x1fff8100        0x4 .\CortexM3\ARM_GCC_484\Debug\Cm3Start.o
 .noinit        0x1fff8104        0x1 .\CortexM3\ARM_GCC_484\Debug\Test.a(CyLib.o)
                0x1fff8104                CyResetStatus

.data           0x1fff8108       0x18 load address 0x00000718
                0x1fff8108                __cy_region_start_data = .
 *(.jcr)
 .jcr           0x1fff8108        0x0 c:/program files (x86)/cypress/psoc creator/3.2/psoc creator/import/gnu/arm/4.8.4/bin/../lib/gcc/arm-none-eabi/4.8.4/armv7-m/crtbegin.o
 .jcr           0x1fff8108        0x4 c:/program files (x86)/cypress/psoc creator/3.2/psoc creator/import/gnu/arm/4.8.4/bin/../lib/gcc/arm-none-eabi/4.8.4/armv7-m/crtend.o
 *(.got.plt)
 *(.got)
 *(.shdata)
 *(.data .data.* .gnu.linkonce.d.*)
 .data          0x1fff810c       0x10 .\CortexM3\ARM_GCC_484\Debug\Test.a(CyLib.o)
                0x1fff810c                cydelay_32k_ms
                0x1fff8110                cydelay_freq_khz
                0x1fff8114                cydelay_freq_mhz
                0x1fff8118                cydelay_freq_hz
                0x1fff8120                . = ALIGN (0x8)
 *fill*         0x1fff811c        0x4 
 *(.ram)
                0x1fff8120                _edata = .

.igot.plt       0x1fff8120        0x0 load address 0x00000730
 .igot.plt      0x00000000        0x0 c:/program files (x86)/cypress/psoc creator/3.2/psoc creator/import/gnu/arm/4.8.4/bin/../lib/gcc/arm-none-eabi/4.8.4/armv7-m/crtbegin.o

.bss            0x1fff8120       0x20 load address 0x00000730
                0x1fff8120                PROVIDE (__bss_start__, .)
 *(.shbss)
 *(.bss .bss.* .gnu.linkonce.b.*)
 .bss           0x1fff8120       0x1c c:/program files (x86)/cypress/psoc creator/3.2/psoc creator/import/gnu/arm/4.8.4/bin/../lib/gcc/arm-none-eabi/4.8.4/armv7-m/crtbegin.o
 .bss           0x1fff813c        0x1 .\CortexM3\ARM_GCC_484\Debug\Test.a(EN_A_PWM.o)
                0x1fff813c                EN_A_PWM_initVar
 .bss           0x1fff813d        0x1 .\CortexM3\ARM_GCC_484\Debug\Test.a(EN_B_PWM.o)
                0x1fff813d                EN_B_PWM_initVar
 *(COMMON)
                0x1fff8140                . = ALIGN (0x8)
 *fill*         0x1fff813e        0x2 
 *(.ram.b)
                0x1fff8140                _end = .
                0x1fff8140                __end = .
                0x1fff8140                PROVIDE (end, .)
                0x1fff8140                PROVIDE (__bss_end__, .)
                0x00000718                __cy_region_init_ram = LOADADDR (.data)
                0x00000018                __cy_region_init_size_ram = (_edata - ADDR (.data))
                0x00000020                __cy_region_zero_size_ram = (_end - _edata)

.heap           0x1fff8140       0x80 load address 0x00000730
                0x1fff8140                . = _end
                0x1fff81c0                . = (. + 0x80)
 *fill*         0x1fff8140       0x80 
                0x1fff81c0                __cy_heap_limit = .

.stack          0x20007800      0x800
                0x20007800                __cy_stack_limit = .
                0x20008000                . = (. + 0x800)
 *fill*         0x20007800      0x800 
                0x00000001                ASSERT ((__cy_stack_limit >= __cy_heap_limit), region RAM overflowed with stack)

.cyloadermeta
 *(.cyloadermeta)

.cyloadablemeta
 *(.cyloadablemeta)

.cyconfigecc    0x80000000      0x1d8
 *(.cyconfigecc)
 .cyconfigecc   0x80000000      0x1d8 .\CortexM3\ARM_GCC_484\Debug\cymetadata.o
                0x80000000                cy_meta_configecc

.cycustnvl      0x90000000        0x4
 *(.cycustnvl)
 .cycustnvl     0x90000000        0x4 .\CortexM3\ARM_GCC_484\Debug\cymetadata.o
                0x90000000                cy_meta_custnvl

.cywolatch      0x90100000        0x4
 *(.cywolatch)
 .cywolatch     0x90100000        0x4 .\CortexM3\ARM_GCC_484\Debug\cymetadata.o
                0x90100000                cy_meta_wonvl

.cyeeprom       0x90200000        0x0
 *(.cyeeprom)
                0x00000001                ASSERT ((. <= ((0x90200000 + ee_offset) + ee_size)), .cyeeprom data will not fit in EEPROM)

.cyflashprotect
                0x90400000      0x100
 *(.cyflashprotect)
 .cyflashprotect
                0x90400000      0x100 .\CortexM3\ARM_GCC_484\Debug\cymetadata.o
                0x90400000                cy_meta_flashprotect

.cymeta         0x90500000        0xc
 *(.cymeta)
 .cymeta        0x90500000        0xc .\CortexM3\ARM_GCC_484\Debug\cymetadata.o
                0x90500000                cy_metadata

.rel.dyn        0x00000730        0x0 load address 0x9050000c
 .rel.iplt      0x00000000        0x0 c:/program files (x86)/cypress/psoc creator/3.2/psoc creator/import/gnu/arm/4.8.4/bin/../lib/gcc/arm-none-eabi/4.8.4/armv7-m/crtbegin.o

.stab
 *(.stab)

.stabstr
 *(.stabstr)

.debug
 *(.debug)

.line
 *(.line)

.debug_srcinfo
 *(.debug_srcinfo)

.debug_sfnames
 *(.debug_sfnames)

.debug_aranges  0x00000000      0x6e8
 *(.debug_aranges)
 .debug_aranges
                0x00000000       0x28 .\CortexM3\ARM_GCC_484\Debug\main.o
 .debug_aranges
                0x00000028       0x60 .\CortexM3\ARM_GCC_484\Debug\motordriver.o
 .debug_aranges
                0x00000088       0x18 .\CortexM3\ARM_GCC_484\Debug\cymetadata.o
 .debug_aranges
                0x000000a0       0x48 .\CortexM3\ARM_GCC_484\Debug\Cm3Start.o
 .debug_aranges
                0x000000e8       0x58 .\CortexM3\ARM_GCC_484\Debug\Test.a(cyfitter_cfg.o)
 .debug_aranges
                0x00000140       0x88 .\CortexM3\ARM_GCC_484\Debug\Test.a(EN_A_PWM.o)
 .debug_aranges
                0x000001c8       0x88 .\CortexM3\ARM_GCC_484\Debug\Test.a(EN_B_PWM.o)
 .debug_aranges
                0x00000250       0x28 .\CortexM3\ARM_GCC_484\Debug\Test.a(Motor_A.o)
 .debug_aranges
                0x00000278       0x28 .\CortexM3\ARM_GCC_484\Debug\Test.a(Motor_B.o)
 .debug_aranges
                0x000002a0       0x20 .\CortexM3\ARM_GCC_484\Debug\Test.a(CyBootAsmGnu.o)
 .debug_aranges
                0x000002c0      0x298 .\CortexM3\ARM_GCC_484\Debug\Test.a(CyLib.o)
 .debug_aranges
                0x00000558       0x98 .\CortexM3\ARM_GCC_484\Debug\Test.a(cyPm.o)
 .debug_aranges
                0x000005f0       0x80 .\CortexM3\ARM_GCC_484\Debug\Test.a(CyFlash.o)
 .debug_aranges
                0x00000670       0x78 .\CortexM3\ARM_GCC_484\Debug\Test.a(CySpc.o)

.debug_pubnames
 *(.debug_pubnames)

.debug_info     0x00000000     0x409f
 *(.debug_info .gnu.linkonce.wi.*)
 .debug_info    0x00000000      0x2b0 .\CortexM3\ARM_GCC_484\Debug\main.o
 .debug_info    0x000002b0      0x3b0 .\CortexM3\ARM_GCC_484\Debug\motordriver.o
 .debug_info    0x00000660      0x13a .\CortexM3\ARM_GCC_484\Debug\cymetadata.o
 .debug_info    0x0000079a      0x39f .\CortexM3\ARM_GCC_484\Debug\Cm3Start.o
 .debug_info    0x00000b39      0x4a6 .\CortexM3\ARM_GCC_484\Debug\Test.a(cyfitter_cfg.o)
 .debug_info    0x00000fdf      0x2e7 .\CortexM3\ARM_GCC_484\Debug\Test.a(EN_A_PWM.o)
 .debug_info    0x000012c6      0x2e7 .\CortexM3\ARM_GCC_484\Debug\Test.a(EN_B_PWM.o)
 .debug_info    0x000015ad       0xd5 .\CortexM3\ARM_GCC_484\Debug\Test.a(Motor_A.o)
 .debug_info    0x00001682       0xd5 .\CortexM3\ARM_GCC_484\Debug\Test.a(Motor_B.o)
 .debug_info    0x00001757       0x87 .\CortexM3\ARM_GCC_484\Debug\Test.a(CyBootAsmGnu.o)
 .debug_info    0x000017de     0x1373 .\CortexM3\ARM_GCC_484\Debug\Test.a(CyLib.o)
 .debug_info    0x00002b51      0xa56 .\CortexM3\ARM_GCC_484\Debug\Test.a(cyPm.o)
 .debug_info    0x000035a7      0x60a .\CortexM3\ARM_GCC_484\Debug\Test.a(CyFlash.o)
 .debug_info    0x00003bb1      0x4ee .\CortexM3\ARM_GCC_484\Debug\Test.a(CySpc.o)

.debug_abbrev   0x00000000     0x1255
 *(.debug_abbrev)
 .debug_abbrev  0x00000000      0x100 .\CortexM3\ARM_GCC_484\Debug\main.o
 .debug_abbrev  0x00000100      0x10c .\CortexM3\ARM_GCC_484\Debug\motordriver.o
 .debug_abbrev  0x0000020c       0x66 .\CortexM3\ARM_GCC_484\Debug\cymetadata.o
 .debug_abbrev  0x00000272      0x20d .\CortexM3\ARM_GCC_484\Debug\Cm3Start.o
 .debug_abbrev  0x0000047f      0x20c .\CortexM3\ARM_GCC_484\Debug\Test.a(cyfitter_cfg.o)
 .debug_abbrev  0x0000068b      0x12f .\CortexM3\ARM_GCC_484\Debug\Test.a(EN_A_PWM.o)
 .debug_abbrev  0x000007ba      0x12f .\CortexM3\ARM_GCC_484\Debug\Test.a(EN_B_PWM.o)
 .debug_abbrev  0x000008e9       0x8e .\CortexM3\ARM_GCC_484\Debug\Test.a(Motor_A.o)
 .debug_abbrev  0x00000977       0x8e .\CortexM3\ARM_GCC_484\Debug\Test.a(Motor_B.o)
 .debug_abbrev  0x00000a05       0x14 .\CortexM3\ARM_GCC_484\Debug\Test.a(CyBootAsmGnu.o)
 .debug_abbrev  0x00000a19      0x296 .\CortexM3\ARM_GCC_484\Debug\Test.a(CyLib.o)
 .debug_abbrev  0x00000caf      0x1fa .\CortexM3\ARM_GCC_484\Debug\Test.a(cyPm.o)
 .debug_abbrev  0x00000ea9      0x1de .\CortexM3\ARM_GCC_484\Debug\Test.a(CyFlash.o)
 .debug_abbrev  0x00001087      0x1ce .\CortexM3\ARM_GCC_484\Debug\Test.a(CySpc.o)

.debug_line     0x00000000     0x1cac
 *(.debug_line)
 .debug_line    0x00000000      0x202 .\CortexM3\ARM_GCC_484\Debug\main.o
 .debug_line    0x00000202      0x236 .\CortexM3\ARM_GCC_484\Debug\motordriver.o
 .debug_line    0x00000438       0x53 .\CortexM3\ARM_GCC_484\Debug\cymetadata.o
 .debug_line    0x0000048b      0x238 .\CortexM3\ARM_GCC_484\Debug\Cm3Start.o
 .debug_line    0x000006c3      0x1dc .\CortexM3\ARM_GCC_484\Debug\Test.a(cyfitter_cfg.o)
 .debug_line    0x0000089f      0x165 .\CortexM3\ARM_GCC_484\Debug\Test.a(EN_A_PWM.o)
 .debug_line    0x00000a04      0x165 .\CortexM3\ARM_GCC_484\Debug\Test.a(EN_B_PWM.o)
 .debug_line    0x00000b69       0x71 .\CortexM3\ARM_GCC_484\Debug\Test.a(Motor_A.o)
 .debug_line    0x00000bda       0x71 .\CortexM3\ARM_GCC_484\Debug\Test.a(Motor_B.o)
 .debug_line    0x00000c4b       0x68 .\CortexM3\ARM_GCC_484\Debug\Test.a(CyBootAsmGnu.o)
 .debug_line    0x00000cb3      0x818 .\CortexM3\ARM_GCC_484\Debug\Test.a(CyLib.o)
 .debug_line    0x000014cb      0x366 .\CortexM3\ARM_GCC_484\Debug\Test.a(cyPm.o)
 .debug_line    0x00001831      0x233 .\CortexM3\ARM_GCC_484\Debug\Test.a(CyFlash.o)
 .debug_line    0x00001a64      0x248 .\CortexM3\ARM_GCC_484\Debug\Test.a(CySpc.o)

.debug_frame    0x00000000     0x1214
 *(.debug_frame)
 .debug_frame   0x00000000       0x48 .\CortexM3\ARM_GCC_484\Debug\main.o
 .debug_frame   0x00000048      0x10c .\CortexM3\ARM_GCC_484\Debug\motordriver.o
 .debug_frame   0x00000154       0xac .\CortexM3\ARM_GCC_484\Debug\Cm3Start.o
 .debug_frame   0x00000200       0xe0 .\CortexM3\ARM_GCC_484\Debug\Test.a(cyfitter_cfg.o)
 .debug_frame   0x000002e0      0x114 .\CortexM3\ARM_GCC_484\Debug\Test.a(EN_A_PWM.o)
 .debug_frame   0x000003f4      0x114 .\CortexM3\ARM_GCC_484\Debug\Test.a(EN_B_PWM.o)
 .debug_frame   0x00000508       0x30 .\CortexM3\ARM_GCC_484\Debug\Test.a(Motor_A.o)
 .debug_frame   0x00000538       0x30 .\CortexM3\ARM_GCC_484\Debug\Test.a(Motor_B.o)
 .debug_frame   0x00000568      0x730 .\CortexM3\ARM_GCC_484\Debug\Test.a(CyLib.o)
 .debug_frame   0x00000c98      0x1fc .\CortexM3\ARM_GCC_484\Debug\Test.a(cyPm.o)
 .debug_frame   0x00000e94      0x17c .\CortexM3\ARM_GCC_484\Debug\Test.a(CyFlash.o)
 .debug_frame   0x00001010      0x148 .\CortexM3\ARM_GCC_484\Debug\Test.a(CySpc.o)
 .debug_frame   0x00001158       0x20 c:/program files (x86)/cypress/psoc creator/3.2/psoc creator/import/gnu/arm/4.8.4/bin/../lib/gcc/arm-none-eabi/4.8.4/../../../../arm-none-eabi/lib/armv7-m\libg_s.a(lib_a-errno.o)
 .debug_frame   0x00001178       0x28 c:/program files (x86)/cypress/psoc creator/3.2/psoc creator/import/gnu/arm/4.8.4/bin/../lib/gcc/arm-none-eabi/4.8.4/../../../../arm-none-eabi/lib/armv7-m\libg_s.a(lib_a-exit.o)
 .debug_frame   0x000011a0       0x2c c:/program files (x86)/cypress/psoc creator/3.2/psoc creator/import/gnu/arm/4.8.4/bin/../lib/gcc/arm-none-eabi/4.8.4/../../../../arm-none-eabi/lib/armv7-m\libg_s.a(lib_a-init.o)
 .debug_frame   0x000011cc       0x28 c:/program files (x86)/cypress/psoc creator/3.2/psoc creator/import/gnu/arm/4.8.4/bin/../lib/gcc/arm-none-eabi/4.8.4/../../../../arm-none-eabi/lib/armv7-m\libg_s.a(lib_a-memcpy-stub.o)
 .debug_frame   0x000011f4       0x20 c:/program files (x86)/cypress/psoc creator/3.2/psoc creator/import/gnu/arm/4.8.4/bin/../lib/gcc/arm-none-eabi/4.8.4/../../../../arm-none-eabi/lib/armv7-m\libg_s.a(lib_a-memset.o)

.debug_str      0x00000000     0x1658
 *(.debug_str)
 .debug_str     0x00000000      0x1b7 .\CortexM3\ARM_GCC_484\Debug\main.o
                                0x200 (size before relaxing)
 .debug_str     0x000001b7       0xb3 .\CortexM3\ARM_GCC_484\Debug\motordriver.o
                                0x273 (size before relaxing)
 .debug_str     0x0000026a       0x77 .\CortexM3\ARM_GCC_484\Debug\cymetadata.o
                                0x1cf (size before relaxing)
 .debug_str     0x000002e1      0x160 .\CortexM3\ARM_GCC_484\Debug\Cm3Start.o
                                0x2e3 (size before relaxing)
 .debug_str     0x00000441      0x156 .\CortexM3\ARM_GCC_484\Debug\Test.a(cyfitter_cfg.o)
                                0x2e8 (size before relaxing)
 .debug_str     0x00000597      0x192 .\CortexM3\ARM_GCC_484\Debug\Test.a(EN_A_PWM.o)
                                0x321 (size before relaxing)
 .debug_str     0x00000729      0x140 .\CortexM3\ARM_GCC_484\Debug\Test.a(EN_B_PWM.o)
                                0x321 (size before relaxing)
 .debug_str     0x00000869       0x2b .\CortexM3\ARM_GCC_484\Debug\Test.a(Motor_A.o)
                                0x19a (size before relaxing)
 .debug_str     0x00000894       0x23 .\CortexM3\ARM_GCC_484\Debug\Test.a(Motor_B.o)
                                0x19a (size before relaxing)
 .debug_str     0x000008b7      0x7fa .\CortexM3\ARM_GCC_484\Debug\Test.a(CyLib.o)
                                0xa08 (size before relaxing)
 .debug_str     0x000010b1      0x35b .\CortexM3\ARM_GCC_484\Debug\Test.a(cyPm.o)
                                0x700 (size before relaxing)
 .debug_str     0x0000140c      0x19e .\CortexM3\ARM_GCC_484\Debug\Test.a(CyFlash.o)
                                0x37a (size before relaxing)
 .debug_str     0x000015aa       0xae .\CortexM3\ARM_GCC_484\Debug\Test.a(CySpc.o)
                                0x303 (size before relaxing)

.debug_loc      0x00000000     0x1ba3
 *(.debug_loc)
 .debug_loc     0x00000000      0x206 .\CortexM3\ARM_GCC_484\Debug\motordriver.o
 .debug_loc     0x00000206      0x14f .\CortexM3\ARM_GCC_484\Debug\Cm3Start.o
 .debug_loc     0x00000355      0x208 .\CortexM3\ARM_GCC_484\Debug\Test.a(cyfitter_cfg.o)
 .debug_loc     0x0000055d       0x13 .\CortexM3\ARM_GCC_484\Debug\Test.a(EN_A_PWM.o)
 .debug_loc     0x00000570       0x13 .\CortexM3\ARM_GCC_484\Debug\Test.a(EN_B_PWM.o)
 .debug_loc     0x00000583      0xa53 .\CortexM3\ARM_GCC_484\Debug\Test.a(CyLib.o)
 .debug_loc     0x00000fd6      0x22a .\CortexM3\ARM_GCC_484\Debug\Test.a(cyPm.o)
 .debug_loc     0x00001200      0x321 .\CortexM3\ARM_GCC_484\Debug\Test.a(CyFlash.o)
 .debug_loc     0x00001521      0x682 .\CortexM3\ARM_GCC_484\Debug\Test.a(CySpc.o)

.debug_macinfo
 *(.debug_macinfo)

.debug_ranges   0x00000000      0x620
 *(.debug_ranges)
 .debug_ranges  0x00000000       0x18 .\CortexM3\ARM_GCC_484\Debug\main.o
 .debug_ranges  0x00000018       0x50 .\CortexM3\ARM_GCC_484\Debug\motordriver.o
 .debug_ranges  0x00000068       0x50 .\CortexM3\ARM_GCC_484\Debug\Cm3Start.o
 .debug_ranges  0x000000b8       0x60 .\CortexM3\ARM_GCC_484\Debug\Test.a(cyfitter_cfg.o)
 .debug_ranges  0x00000118       0x78 .\CortexM3\ARM_GCC_484\Debug\Test.a(EN_A_PWM.o)
 .debug_ranges  0x00000190       0x78 .\CortexM3\ARM_GCC_484\Debug\Test.a(EN_B_PWM.o)
 .debug_ranges  0x00000208       0x18 .\CortexM3\ARM_GCC_484\Debug\Test.a(Motor_A.o)
 .debug_ranges  0x00000220       0x18 .\CortexM3\ARM_GCC_484\Debug\Test.a(Motor_B.o)
 .debug_ranges  0x00000238      0x288 .\CortexM3\ARM_GCC_484\Debug\Test.a(CyLib.o)
 .debug_ranges  0x000004c0       0x88 .\CortexM3\ARM_GCC_484\Debug\Test.a(cyPm.o)
 .debug_ranges  0x00000548       0x70 .\CortexM3\ARM_GCC_484\Debug\Test.a(CyFlash.o)
 .debug_ranges  0x000005b8       0x68 .\CortexM3\ARM_GCC_484\Debug\Test.a(CySpc.o)

.comment        0x00000000       0x70
 .comment       0x00000000       0x70 .\CortexM3\ARM_GCC_484\Debug\main.o
                                 0x71 (size before relaxing)
 .comment       0x00000000       0x71 .\CortexM3\ARM_GCC_484\Debug\motordriver.o
 .comment       0x00000000       0x71 .\CortexM3\ARM_GCC_484\Debug\cymetadata.o
 .comment       0x00000000       0x71 .\CortexM3\ARM_GCC_484\Debug\Cm3Start.o
 .comment       0x00000000       0x71 .\CortexM3\ARM_GCC_484\Debug\Test.a(cyfitter_cfg.o)
 .comment       0x00000000       0x71 .\CortexM3\ARM_GCC_484\Debug\Test.a(EN_A_PWM.o)
 .comment       0x00000000       0x71 .\CortexM3\ARM_GCC_484\Debug\Test.a(EN_B_PWM.o)
 .comment       0x00000000       0x71 .\CortexM3\ARM_GCC_484\Debug\Test.a(Motor_A.o)
 .comment       0x00000000       0x71 .\CortexM3\ARM_GCC_484\Debug\Test.a(Motor_B.o)
 .comment       0x00000000       0x71 .\CortexM3\ARM_GCC_484\Debug\Test.a(CyLib.o)
 .comment       0x00000000       0x71 .\CortexM3\ARM_GCC_484\Debug\Test.a(cyPm.o)
 .comment       0x00000000       0x71 .\CortexM3\ARM_GCC_484\Debug\Test.a(CyFlash.o)
 .comment       0x00000000       0x71 .\CortexM3\ARM_GCC_484\Debug\Test.a(CySpc.o)

.debug_weaknames
 *(.debug_weaknames)

.debug_funcnames
 *(.debug_funcnames)

.debug_typenames
 *(.debug_typenames)

.debug_varnames
 *(.debug_varnames)

.note.gnu.arm.ident
 *(.note.gnu.arm.ident)

.ARM.attributes
                0x00000000       0x29
 *(.ARM.attributes)
 .ARM.attributes
                0x00000000       0x1d c:/program files (x86)/cypress/psoc creator/3.2/psoc creator/import/gnu/arm/4.8.4/bin/../lib/gcc/arm-none-eabi/4.8.4/armv7-m/crti.o
 .ARM.attributes
                0x0000001d       0x2d c:/program files (x86)/cypress/psoc creator/3.2/psoc creator/import/gnu/arm/4.8.4/bin/../lib/gcc/arm-none-eabi/4.8.4/armv7-m/crtbegin.o
 .ARM.attributes
                0x0000004a       0x1b c:/program files (x86)/cypress/psoc creator/3.2/psoc creator/import/gnu/arm/4.8.4/bin/../lib/gcc/arm-none-eabi/4.8.4/../../../../arm-none-eabi/lib/armv7-m/crt0.o
 .ARM.attributes
                0x00000065       0x33 .\CortexM3\ARM_GCC_484\Debug\main.o
 .ARM.attributes
                0x00000098       0x33 .\CortexM3\ARM_GCC_484\Debug\motordriver.o
 .ARM.attributes
                0x000000cb       0x33 .\CortexM3\ARM_GCC_484\Debug\cymetadata.o
 .ARM.attributes
                0x000000fe       0x33 .\CortexM3\ARM_GCC_484\Debug\Cm3Start.o
 .ARM.attributes
                0x00000131       0x33 .\CortexM3\ARM_GCC_484\Debug\Test.a(cyfitter_cfg.o)
 .ARM.attributes
                0x00000164       0x33 .\CortexM3\ARM_GCC_484\Debug\Test.a(EN_A_PWM.o)
 .ARM.attributes
                0x00000197       0x33 .\CortexM3\ARM_GCC_484\Debug\Test.a(EN_B_PWM.o)
 .ARM.attributes
                0x000001ca       0x33 .\CortexM3\ARM_GCC_484\Debug\Test.a(Motor_A.o)
 .ARM.attributes
                0x000001fd       0x33 .\CortexM3\ARM_GCC_484\Debug\Test.a(Motor_B.o)
 .ARM.attributes
                0x00000230       0x21 .\CortexM3\ARM_GCC_484\Debug\Test.a(CyBootAsmGnu.o)
 .ARM.attributes
                0x00000251       0x33 .\CortexM3\ARM_GCC_484\Debug\Test.a(CyLib.o)
 .ARM.attributes
                0x00000284       0x33 .\CortexM3\ARM_GCC_484\Debug\Test.a(cyPm.o)
 .ARM.attributes
                0x000002b7       0x33 .\CortexM3\ARM_GCC_484\Debug\Test.a(CyFlash.o)
 .ARM.attributes
                0x000002ea       0x33 .\CortexM3\ARM_GCC_484\Debug\Test.a(CySpc.o)
 .ARM.attributes
                0x0000031d       0x2d c:/program files (x86)/cypress/psoc creator/3.2/psoc creator/import/gnu/arm/4.8.4/bin/../lib/gcc/arm-none-eabi/4.8.4/../../../../arm-none-eabi/lib/armv7-m\libg_s.a(lib_a-errno.o)
 .ARM.attributes
                0x0000034a       0x2d c:/program files (x86)/cypress/psoc creator/3.2/psoc creator/import/gnu/arm/4.8.4/bin/../lib/gcc/arm-none-eabi/4.8.4/../../../../arm-none-eabi/lib/armv7-m\libg_s.a(lib_a-exit.o)
 .ARM.attributes
                0x00000377       0x2d c:/program files (x86)/cypress/psoc creator/3.2/psoc creator/import/gnu/arm/4.8.4/bin/../lib/gcc/arm-none-eabi/4.8.4/../../../../arm-none-eabi/lib/armv7-m\libg_s.a(lib_a-impure.o)
 .ARM.attributes
                0x000003a4       0x2d c:/program files (x86)/cypress/psoc creator/3.2/psoc creator/import/gnu/arm/4.8.4/bin/../lib/gcc/arm-none-eabi/4.8.4/../../../../arm-none-eabi/lib/armv7-m\libg_s.a(lib_a-init.o)
 .ARM.attributes
                0x000003d1       0x2d c:/program files (x86)/cypress/psoc creator/3.2/psoc creator/import/gnu/arm/4.8.4/bin/../lib/gcc/arm-none-eabi/4.8.4/../../../../arm-none-eabi/lib/armv7-m\libg_s.a(lib_a-memcpy-stub.o)
 .ARM.attributes
                0x000003fe       0x2d c:/program files (x86)/cypress/psoc creator/3.2/psoc creator/import/gnu/arm/4.8.4/bin/../lib/gcc/arm-none-eabi/4.8.4/../../../../arm-none-eabi/lib/armv7-m\libg_s.a(lib_a-memset.o)
 .ARM.attributes
                0x0000042b       0x2d c:/program files (x86)/cypress/psoc creator/3.2/psoc creator/import/gnu/arm/4.8.4/bin/../lib/gcc/arm-none-eabi/4.8.4/armv7-m/crtend.o
 .ARM.attributes
                0x00000458       0x1d c:/program files (x86)/cypress/psoc creator/3.2/psoc creator/import/gnu/arm/4.8.4/bin/../lib/gcc/arm-none-eabi/4.8.4/armv7-m/crtn.o

/DISCARD/
 *(.note.GNU-stack)
OUTPUT(.\CortexM3\ARM_GCC_484\Debug\Test.elf elf32-littlearm)
